PASS .github/DISCUSSION_TEMPLATE/design.yml
PASS .github/ISSUE_TEMPLATE/bug.yml
PASS .github/ISSUE_TEMPLATE/config.yml
PASS .github/ISSUE_TEMPLATE/documentation.yml
PASS .github/ISSUE_TEMPLATE/feature.yml
PASS .github/ISSUE_TEMPLATE/performance-regression.yml
PASS .github/ISSUE_TEMPLATE/validation-deviation.yml
PASS .github/dependabot.yml
PASS .github/labels.yml
PASS .github/workflows/ci.yml
PASS .github/workflows/dependency-review.yml
PASS .github/workflows/documentation.yml
PASS .github/workflows/nightly-benchmarks.yml
PASS .github/workflows/nightly-validation.yml
PASS .github/workflows/platform-builds.yml
PASS .github/workflows/release.yml
PASS .github/workflows/sbom.yml
PASS .github/workflows/security.yml
PASS .github/workflows/validation-smoke.yml
PASS .spi.yml
PASS Benchmarks/Scenarios/scaffold.yaml
PASS Benchmarks/Schemas/benchmark-result.schema.yaml
PASS Benchmarks/Schemas/benchmark-scenario.schema.yaml
PASS Sources/VoxeliaMetal/Resources/ShaderManifest.yaml
PASS Validation/Datasets/Manifests/voxelia.phantom.scaffold.yaml
PASS Validation/Schemas/dataset.schema.yaml
PASS Validation/Schemas/expected-result.schema.yaml
PASS Validation/Schemas/tolerance-profile.schema.yaml
PASS Validation/Schemas/validation-report.schema.yaml
PASS Validation/Schemas/validation-run.schema.yaml
PASS Validation/Tolerances/scaffold.yaml
YAML parsing passed for 31 files.
